This is pdfTeX, Version 3.141592653-2.6-1.40.25 (TeX Live 2023/Debian) (preloaded format=pdflatex 2025.10.27)  29 OCT 2025 18:14
entering extended mode
 restricted \write18 enabled.
 %&-line parsing enabled.
**create_output.tex
(./create_output.tex
LaTeX2e <2023-11-01> patch level 1
L3 programming layer <2024-01-22>
(/usr/share/texlive/texmf-dist/tex/latex/base/article.cls
Document Class: article 2023/05/17 v1.4n Standard LaTeX document class
(/usr/share/texlive/texmf-dist/tex/latex/base/size10.clo
File: size10.clo 2023/05/17 v1.4n Standard LaTeX file (size option)
)
\c@part=\count187
\c@section=\count188
\c@subsection=\count189
\c@subsubsection=\count190
\c@paragraph=\count191
\c@subparagraph=\count192
\c@figure=\count193
\c@table=\count194
\abovecaptionskip=\skip48
\belowcaptionskip=\skip49
\bibindent=\dimen140
)
(/usr/share/texlive/texmf-dist/tex/latex/graphics/graphicx.sty
Package: graphicx 2021/09/16 v1.2d Enhanced LaTeX Graphics (DPC,SPQR)

(/usr/share/texlive/texmf-dist/tex/latex/graphics/keyval.sty
Package: keyval 2022/05/29 v1.15 key=value parser (DPC)
\KV@toks@=\toks17
)
(/usr/share/texlive/texmf-dist/tex/latex/graphics/graphics.sty
Package: graphics 2022/03/10 v1.4e Standard LaTeX Graphics (DPC,SPQR)

(/usr/share/texlive/texmf-dist/tex/latex/graphics/trig.sty
Package: trig 2021/08/11 v1.11 sin cos tan (DPC)
)
(/usr/share/texlive/texmf-dist/tex/latex/graphics-cfg/graphics.cfg
File: graphics.cfg 2016/06/04 v1.11 sample graphics configuration
)
Package graphics Info: Driver file: pdftex.def on input line 107.

(/usr/share/texlive/texmf-dist/tex/latex/graphics-def/pdftex.def
File: pdftex.def 2022/09/22 v1.2b Graphics/color driver for pdftex
))
\Gin@req@height=\dimen141
\Gin@req@width=\dimen142
)
(/usr/share/texlive/texmf-dist/tex/latex/tools/array.sty
Package: array 2023/10/16 v2.5g Tabular extension package (FMi)
\col@sep=\dimen143
\ar@mcellbox=\box51
\extrarowheight=\dimen144
\NC@list=\toks18
\extratabsurround=\skip50
\backup@length=\skip51
\ar@cellbox=\box52
)
(/usr/share/texlive/texmf-dist/tex/latex/pdflscape/pdflscape.sty
Package: pdflscape 2022-10-27 v0.13 Display of landscape pages in PDF

(/usr/share/texlive/texmf-dist/tex/latex/pdflscape/pdflscape-nometadata.sty
Package: pdflscape-nometadata 2022-10-28 v0.13 Display of landscape pages in PD
F (HO)

(/usr/share/texlive/texmf-dist/tex/generic/iftex/iftex.sty
Package: iftex 2022/02/03 v1.0f TeX engine tests
)
(/usr/share/texlive/texmf-dist/tex/latex/graphics/lscape.sty
Package: lscape 2020/05/28 v3.02 Landscape Pages (DPC)
)
Package pdflscape Info: Auto-detected driver: pdftex on input line 81.
))
(/usr/share/texlive/texmf-dist/tex/latex/l3backend/l3backend-pdftex.def
File: l3backend-pdftex.def 2024-01-04 L3 backend support: PDF output (pdfTeX)
\l__color_backend_stack_int=\count195
\l__pdf_internal_box=\box53
)
No file create_output.aux.
\openout1 = `create_output.aux'.

LaTeX Font Info:    Checking defaults for OML/cmm/m/it on input line 6.
LaTeX Font Info:    ... okay on input line 6.
LaTeX Font Info:    Checking defaults for OMS/cmsy/m/n on input line 6.
LaTeX Font Info:    ... okay on input line 6.
LaTeX Font Info:    Checking defaults for OT1/cmr/m/n on input line 6.
LaTeX Font Info:    ... okay on input line 6.
LaTeX Font Info:    Checking defaults for T1/cmr/m/n on input line 6.
LaTeX Font Info:    ... okay on input line 6.
LaTeX Font Info:    Checking defaults for TS1/cmr/m/n on input line 6.
LaTeX Font Info:    ... okay on input line 6.
LaTeX Font Info:    Checking defaults for OMX/cmex/m/n on input line 6.
LaTeX Font Info:    ... okay on input line 6.
LaTeX Font Info:    Checking defaults for U/cmr/m/n on input line 6.
LaTeX Font Info:    ... okay on input line 6.
(/usr/share/texlive/texmf-dist/tex/context/base/mkii/supp-pdf.mkii
[Loading MPS to PDF converter (version 2006.09.02).]
\scratchcounter=\count196
\scratchdimen=\dimen145
\scratchbox=\box54
\nofMPsegments=\count197
\nofMParguments=\count198
\everyMPshowfont=\toks19
\MPscratchCnt=\count199
\MPscratchDim=\dimen146
\MPnumerator=\count266
\makeMPintoPDFobject=\count267
\everyMPtoPDFconversion=\toks20
) (/usr/share/texlive/texmf-dist/tex/latex/epstopdf-pkg/epstopdf-base.sty
Package: epstopdf-base 2020-01-24 v2.11 Base part for package epstopdf
Package epstopdf-base Info: Redefining graphics rule for `.eps' on input line 4
85.

(/usr/share/texlive/texmf-dist/tex/latex/latexconfig/epstopdf-sys.cfg
File: epstopdf-sys.cfg 2010/07/13 v1.3 Configuration of (r)epstopdf for TeX Liv
e
))
LaTeX Font Info:    External font `cmex10' loaded for size
(Font)              <7> on input line 11.
LaTeX Font Info:    External font `cmex10' loaded for size
(Font)              <5> on input line 11.
<images/panda_d01_r010.png, id=1, 460.72125pt x 460.72125pt>
File: images/panda_d01_r010.png Graphic file (type png)
<use images/panda_d01_r010.png>
Package pdftex.def Info: images/panda_d01_r010.png  used on input line 16.
(pdftex.def)             Requested size: 92.14261pt x 92.14261pt.
<images/panda_d01_r030.png, id=2, 460.72125pt x 460.72125pt>
File: images/panda_d01_r030.png Graphic file (type png)
<use images/panda_d01_r030.png>
Package pdftex.def Info: images/panda_d01_r030.png  used on input line 17.
(pdftex.def)             Requested size: 92.14261pt x 92.14261pt.
<images/panda_d01_r050.png, id=3, 460.72125pt x 460.72125pt>
File: images/panda_d01_r050.png Graphic file (type png)
<use images/panda_d01_r050.png>
Package pdftex.def Info: images/panda_d01_r050.png  used on input line 18.
(pdftex.def)             Requested size: 92.14261pt x 92.14261pt.
<images/panda_d01_r100.png, id=4, 460.72125pt x 460.72125pt>
File: images/panda_d01_r100.png Graphic file (type png)
<use images/panda_d01_r100.png>
Package pdftex.def Info: images/panda_d01_r100.png  used on input line 19.
(pdftex.def)             Requested size: 92.14261pt x 92.14261pt.
<images/panda_d01_r300.png, id=5, 460.72125pt x 460.72125pt>
File: images/panda_d01_r300.png Graphic file (type png)
<use images/panda_d01_r300.png>
Package pdftex.def Info: images/panda_d01_r300.png  used on input line 20.
(pdftex.def)             Requested size: 92.14261pt x 92.14261pt.
<images/panda_d03_r010.png, id=6, 460.72125pt x 460.72125pt>
File: images/panda_d03_r010.png Graphic file (type png)
<use images/panda_d03_r010.png>
Package pdftex.def Info: images/panda_d03_r010.png  used on input line 23.
(pdftex.def)             Requested size: 92.14261pt x 92.14261pt.
<images/panda_d03_r030.png, id=7, 460.72125pt x 460.72125pt>
File: images/panda_d03_r030.png Graphic file (type png)
<use images/panda_d03_r030.png>
Package pdftex.def Info: images/panda_d03_r030.png  used on input line 24.
(pdftex.def)             Requested size: 92.14261pt x 92.14261pt.
<images/panda_d03_r050.png, id=8, 460.72125pt x 460.72125pt>
File: images/panda_d03_r050.png Graphic file (type png)
<use images/panda_d03_r050.png>
Package pdftex.def Info: images/panda_d03_r050.png  used on input line 25.
(pdftex.def)             Requested size: 92.14261pt x 92.14261pt.
<images/panda_d03_r100.png, id=9, 460.72125pt x 460.72125pt>
File: images/panda_d03_r100.png Graphic file (type png)
<use images/panda_d03_r100.png>
Package pdftex.def Info: images/panda_d03_r100.png  used on input line 26.
(pdftex.def)             Requested size: 92.14261pt x 92.14261pt.
<images/panda_d03_r300.png, id=10, 460.72125pt x 460.72125pt>
File: images/panda_d03_r300.png Graphic file (type png)
<use images/panda_d03_r300.png>
Package pdftex.def Info: images/panda_d03_r300.png  used on input line 27.
(pdftex.def)             Requested size: 92.14261pt x 92.14261pt.
<images/panda_d05_r010.png, id=11, 460.72125pt x 460.72125pt>
File: images/panda_d05_r010.png Graphic file (type png)
<use images/panda_d05_r010.png>
Package pdftex.def Info: images/panda_d05_r010.png  used on input line 30.
(pdftex.def)             Requested size: 92.14261pt x 92.14261pt.
<images/panda_d05_r030.png, id=12, 460.72125pt x 460.72125pt>
File: images/panda_d05_r030.png Graphic file (type png)
<use images/panda_d05_r030.png>
Package pdftex.def Info: images/panda_d05_r030.png  used on input line 31.
(pdftex.def)             Requested size: 92.14261pt x 92.14261pt.
<images/panda_d05_r050.png, id=13, 460.72125pt x 460.72125pt>
File: images/panda_d05_r050.png Graphic file (type png)
<use images/panda_d05_r050.png>
Package pdftex.def Info: images/panda_d05_r050.png  used on input line 32.
(pdftex.def)             Requested size: 92.14261pt x 92.14261pt.
<images/panda_d05_r100.png, id=14, 460.72125pt x 460.72125pt>
File: images/panda_d05_r100.png Graphic file (type png)
<use images/panda_d05_r100.png>
Package pdftex.def Info: images/panda_d05_r100.png  used on input line 33.
(pdftex.def)             Requested size: 92.14261pt x 92.14261pt.
<images/panda_d05_r300.png, id=15, 460.72125pt x 460.72125pt>
File: images/panda_d05_r300.png Graphic file (type png)
<use images/panda_d05_r300.png>
Package pdftex.def Info: images/panda_d05_r300.png  used on input line 34.
(pdftex.def)             Requested size: 92.14261pt x 92.14261pt.
<images/panda_d10_r010.png, id=16, 460.72125pt x 460.72125pt>
File: images/panda_d10_r010.png Graphic file (type png)
<use images/panda_d10_r010.png>
Package pdftex.def Info: images/panda_d10_r010.png  used on input line 37.
(pdftex.def)             Requested size: 92.14261pt x 92.14261pt.
<images/panda_d10_r030.png, id=17, 460.72125pt x 460.72125pt>
File: images/panda_d10_r030.png Graphic file (type png)
<use images/panda_d10_r030.png>
Package pdftex.def Info: images/panda_d10_r030.png  used on input line 38.
(pdftex.def)             Requested size: 92.14261pt x 92.14261pt.
<images/panda_d10_r050.png, id=18, 460.72125pt x 460.72125pt>
File: images/panda_d10_r050.png Graphic file (type png)
<use images/panda_d10_r050.png>
Package pdftex.def Info: images/panda_d10_r050.png  used on input line 39.
(pdftex.def)             Requested size: 92.14261pt x 92.14261pt.
<images/panda_d10_r100.png, id=19, 460.72125pt x 460.72125pt>
File: images/panda_d10_r100.png Graphic file (type png)
<use images/panda_d10_r100.png>
Package pdftex.def Info: images/panda_d10_r100.png  used on input line 40.
(pdftex.def)             Requested size: 92.14261pt x 92.14261pt.
<images/panda_d10_r300.png, id=20, 460.72125pt x 460.72125pt>
File: images/panda_d10_r300.png Graphic file (type png)
<use images/panda_d10_r300.png>
Package pdftex.def Info: images/panda_d10_r300.png  used on input line 41.
(pdftex.def)             Requested size: 92.14261pt x 92.14261pt.

Overfull \hbox (16.42339pt too wide) in paragraph at lines 14--45
 [] 
 []


LaTeX Warning: Float too large for page by 99.50432pt on input line 46.


LaTeX Warning: `h' float specifier changed to `ht'.

[1{/var/lib/texmf/fonts/map/pdftex/updmap/pdftex.map} <./images/panda_d01_r010.
png (PNG copy)> <./images/panda_d01_r030.png (PNG copy)> <./images/panda_d01_r0
50.png (PNG copy)> <./images/panda_d01_r100.png (PNG copy)> <./images/panda_d01
_r300.png (PNG copy)> <./images/panda_d03_r010.png (PNG copy)> <./images/panda_
d03_r030.png (PNG copy)> <./images/panda_d03_r050.png (PNG copy)> <./images/pan
da_d03_r100.png (PNG copy)> <./images/panda_d03_r300.png (PNG copy)> <./images/
panda_d05_r010.png (PNG copy)> <./images/panda_d05_r030.png (PNG copy)> <./imag
es/panda_d05_r050.png (PNG copy)> <./images/panda_d05_r100.png (PNG copy)> <./i
mages/panda_d05_r300.png (PNG copy)> <./images/panda_d10_r010.png (PNG copy)> <
./images/panda_d10_r030.png (PNG copy)> <./images/panda_d10_r050.png (PNG copy)
> <./images/panda_d10_r100.png (PNG copy)> <./images/panda_d10_r300.png (PNG co
py)>] (./create_output.aux)
 ***********
LaTeX2e <2023-11-01> patch level 1
L3 programming layer <2024-01-22>
 ***********


LaTeX Warning: Label(s) may have changed. Rerun to get cross-references right.

 ) 
Here is how much of TeX's memory you used:
 1614 strings out of 476182
 29331 string characters out of 5795594
 1930975 words of memory out of 5000000
 23648 multiletter control sequences out of 15000+600000
 558069 words of font info for 36 fonts, out of 8000000 for 9000
 14 hyphenation exceptions out of 8191
 66i,13n,67p,283b,374s stack positions out of 10000i,1000n,20000p,200000b,200000s
</usr/share/texlive/texmf-dist/fonts/type1/public/amsfonts/cm/cmmi10.pfb></us
r/share/texlive/texmf-dist/fonts/type1/public/amsfonts/cm/cmmi7.pfb></usr/share
/texlive/texmf-dist/fonts/type1/public/amsfonts/cm/cmr10.pfb>
Output written on create_output.pdf (1 page, 4928844 bytes).
PDF statistics:
 43 PDF objects out of 1000 (max. 8388607)
 13 compressed objects within 1 object stream
 0 named destinations out of 1000 (max. 500000)
 101 words of extra memory for PDF output out of 10000 (max. 10000000)

